[   0.018945] Config <Info> frontend_common\config.cpp:WriteToIni:74: Writing Global configuration to: C:\Users\charl\AppData\Roaming\suyu\config\sdl2-config.ini
[   0.081506] Config <Info> frontend_common\config.cpp:WriteToIni:74: Writing Global configuration to: C:\Users\charl\AppData\Roaming\suyu\config\sdl2-config.ini
[   0.111444] Crypto <Info> core\crypto\key_manager.cpp:ReloadKeys:672: Loaded 439 128-bit keys and 4 256-bit keys
[   0.113508] Input <Info> input_common\drivers\udp_client.cpp:UDPClient:138: Udp Initialization started
[   0.113549] Input <Info> input_common\drivers\udp_client.cpp:StartCommunication:330: Starting communication with UDP input server on 127.0.0.1:26760
[   0.193873] Input <Info> input_common\drivers\joycon.cpp:Joycons:22: Joycon driver Initialization started
[   0.236092] Frontend <Info> suyu_cmd\emu_window\emu_window_sdl2_vk.cpp:EmuWindow_SDL2_VK:86: suyu Version: suyu | fix/dynarmic-vcpkg-msvc-ci-v0.0.4-1029-g1f5bf44174 (Vulkan)
[   0.584201] Loader <Info> core\file_sys\patch_manager.cpp:PatchExeFS:131: Patching ExeFS for title_id=01006A800016E000
[   0.584933] Loader <Info> core\file_sys\patch_manager.cpp:PatchExeFS:177:     ExeFS: LayeredExeFS patches applied successfully
[   1.877263] Loader <Info> core\file_sys\patch_manager.cpp:HasNSOPatch:301: Querying NSO patch existence for build_id=40C3B8B3D27CA058C7775DDADE4D83D48CD3BAAD, name=rtld
[   2.436207] Loader <Info> core\file_sys\patch_manager.cpp:HasNSOPatch:301: Querying NSO patch existence for build_id=FD471EB458C915E7CD13BBB67420632D, name=main
[   2.521374] Loader <Info> core\file_sys\patch_manager.cpp:HasNSOPatch:301: Querying NSO patch existence for build_id=D2060DCA17D7084D1874FF064DBEE54214628135, name=subsdk0
[   2.609972] Loader <Info> core\file_sys\patch_manager.cpp:HasNSOPatch:301: Querying NSO patch existence for build_id=643225AF5ACC40259706C7CF26DECC68AFDA9B9B, name=sdk
[   2.614733] Core <Info> core\core.cpp:Load:366: Loading Super Smash Bros. Ultimate (01006A800016E000) ...
[   2.752651] Render.Vulkan <Info> video_core\vulkan_common\vulkan_device.cpp:GetSuitability:1007: Device doesn't support extension VK_EXT_depth_bias_control
[   2.752669] Render.Vulkan <Info> video_core\vulkan_common\vulkan_device.cpp:GetSuitability:1007: Device doesn't support extension VK_EXT_depth_range_unrestricted
[   2.752675] Render.Vulkan <Info> video_core\vulkan_common\vulkan_device.cpp:GetSuitability:1007: Device doesn't support extension VK_EXT_external_memory_host
[   2.752680] Render.Vulkan <Info> video_core\vulkan_common\vulkan_device.cpp:GetSuitability:1007: Device doesn't support extension VK_NV_geometry_shader_passthrough
[   2.752685] Render.Vulkan <Info> video_core\vulkan_common\vulkan_device.cpp:GetSuitability:1007: Device doesn't support extension VK_NV_viewport_array2
[   2.752689] Render.Vulkan <Info> video_core\vulkan_common\vulkan_device.cpp:GetSuitability:1007: Device doesn't support extension VK_NV_viewport_swizzle
[   2.752705] Render.Vulkan <Info> video_core\vulkan_common\vulkan_device.cpp:GetSuitability:1069: Device doesn't support feature depthBiasControl
[   2.752709] Render.Vulkan <Info> video_core\vulkan_common\vulkan_device.cpp:GetSuitability:1069: Device doesn't support feature leastRepresentableValueForceUnormRepresentation
[   2.752715] Render.Vulkan <Info> video_core\vulkan_common\vulkan_device.cpp:GetSuitability:1069: Device doesn't support feature depthBiasExact
[   2.752720] Render.Vulkan <Info> video_core\vulkan_common\vulkan_device.cpp:GetSuitability:1069: Device doesn't support feature formatA4B4G4R4
[   2.752833] Render.Vulkan <Warning> video_core\vulkan_common\vulkan_device.cpp:Device:659: Intel has broken VK_EXT_vertex_input_dynamic_state
[   2.752840] Render.Vulkan <Warning> video_core\vulkan_common\vulkan_device.cpp:Device:667: Intel has broken float16 math
[   2.752844] Render.Vulkan <Warning> video_core\vulkan_common\vulkan_device.cpp:Device:671: Intel proprietary drivers do not support MSAA image blits
[   2.825322] Service.Audio <Info> audio_core\sink\sink_details.cpp:GetOutputSinkDetails:125: Auto-selecting the cubeb backend
[   2.829576] Service.Audio <Info> audio_core\sink\sink_details.cpp:GetOutputSinkDetails:125: Auto-selecting the cubeb backend
[   2.834735] Core <Info> core\core.cpp:LoadOverrides:131: Loading game-specific overrides for program ID 01006A800016E000, GPU: Intel
[   2.834813] Frontend <Warning> suyu_cmd\suyu.cpp:main:490: suyu-cmd: disabling disk shader cache for this run to avoid known startup instability
[   2.871077] Service.SET <Info> core\hle\service\set\system_settings_server.cpp:GetExternalSteadyClockSourceId:480: called, clock_source_id=85d1d41d-7381-3494-c29e-579c8a3ba94f
[   2.871238] Service.SET <Info> core\hle\service\set\system_settings_server.cpp:GetUserSystemClockContext:496: called
[   2.871368] Service.SET <Info> core\hle\service\set\system_settings_server.cpp:GetNetworkSystemClockContext:872: called
[   2.871486] Service.SET <Info> core\hle\service\set\system_settings_server.cpp:IsUserSystemClockAutomaticCorrectionEnabled:890: called, out_automatic_correction_enabled=true
[   2.871495] Service.SET <Info> core\hle\service\set\system_settings_server.cpp:GetUserSystemClockAutomaticCorrectionUpdatedTime:1226: called
[   2.871522] Service.SET <Info> core\hle\service\set\system_settings_server.cpp:GetDeviceTimeZoneLocationName:847: called
[   2.876066] Service.SET <Info> core\hle\service\set\system_settings_server.cpp:GetDeviceTimeZoneLocationUpdatedTime:1209: called
[   2.877185] Service.SET <Info> core\hle\service\set\system_settings_server.cpp:SetUserSystemClockContext:504: called
[   2.877293] Service.SET <Info> core\hle\service\set\system_settings_server.cpp:SetNetworkSystemClockContext:880: called
[   2.877466] Service.SET <Info> core\hle\service\set\system_settings_server.cpp:SetUserSystemClockAutomaticCorrectionEnabled:900: called, out_automatic_correction_enabled=true
[   2.877481] Service.SET <Info> core\hle\service\set\system_settings_server.cpp:SetUserSystemClockAutomaticCorrectionUpdatedTime:1234: called
[   3.451492] Service.SET <Info> core\hle\service\set\system_settings_server.cpp:GetVibrationMasterVolume:625: called, vibration_master_volume=1
