Attribute Qt::AA_EnableHighDpiScaling must be set before QCoreApplication is created.
qt.qpa.fonts: Unable to enumerate family ' "FONTSPRING DEMO - Roc Grotesk Medium" '
qt.qpa.fonts: Unable to enumerate family ' "FONTSPRING DEMO - Roc Grotesk Medium" '
Unhandled SEH exception 0xC0000005 at 0x7ff7c557b8de
[seh-stack] Kernel::KThread::EndWait + 0x8E
[seh-stack] Kernel::KLightLock::UnlockSlowPath + 0xEE
[seh-stack] Kernel::KLightLock::Unlock + 0x75
[seh-stack] Kernel::KScopedLock<Kernel::KLightLock>::~KScopedLock<Kernel::KLightLock> + 0x17
[seh-stack] Kernel::KPageTableBase::UnmapPages + 0x487
[seh-stack] Kernel::KProcessPageTable::UnmapPages + 0x5D
[seh-stack] Kernel::KThreadLocalPage::Finalize + 0xB8
[seh-stack] Kernel::KProcess::DeleteThreadLocalRegion + 0x351
[seh-stack] `Kernel::KThread::Finalize'::`8'::<lambda_1>::operator() + 0x4C
[seh-stack] Kernel::KThread::Finalize + 0xAD
[seh-stack] Kernel::KAutoObjectWithSlabHeapAndContainer<Kernel::KThread,Kernel::KWorkerTask>::Destroy + 0x77
[seh-stack] Kernel::KAutoObject::Close + 0xB3
[seh-stack] Kernel::KHandleTable::Finalize + 0x102
[seh-stack] Kernel::KProcess::FinalizeHandleTable + 0x29
[seh-stack] `Kernel::KProcess::StartTermination'::`2'::<lambda_1>::operator() + 0x2A
[seh-stack] detail::ScopeGuard<`Kernel::KProcess::StartTermination'::`2'::<lambda_1> >::~ScopeGuard<`Kernel::KProcess::StartTermination'::`2'::<lambda_1> > + 0x24
[seh-stack] Kernel::KProcess::StartTermination + 0xB7
[seh-stack] Kernel::KProcess::Terminate + 0x195
[seh-stack] Kernel::KernelCore::Impl::TerminateAllProcesses + 0xB2
[seh-stack] Kernel::KernelCore::ShutdownCores + 0x35
[seh-stack] Core::System::Impl::ShutdownMainProcess + 0x14A
[seh-stack] Core::System::ShutdownMainProcess + 0x1F
[seh-stack] EmuThread::run + 0x4F7
[seh-stack] QTextStream::realNumberPrecision + 0x89E8E
[seh-stack] BaseThreadInitThunk + 0x17
[seh-stack] RtlUserThreadStart + 0x2C
