[DEBUG] To include the environment variables in debug output, pass --debug-env
[DEBUG] Trying to load bundleconfig from C:\Users\charl\Documents\SuyuEclipse\externals\vcpkg\vcpkg-bundle.json
[DEBUG] Failed to open: C:\Users\charl\Documents\SuyuEclipse\externals\vcpkg\vcpkg-bundle.json
[DEBUG] Bundle config: readonly=false, usegitregistry=false, embeddedsha=nullopt, deployment=Git, vsversion=nullopt
[DEBUG] Metrics enabled.
[DEBUG] Feature flag 'binarycaching' unset
[DEBUG] Feature flag 'compilertracking' unset
[DEBUG] Feature flag 'registries' unset
[DEBUG] Feature flag 'versions' unset
[DEBUG] Feature flag 'dependencygraph' unset
[DEBUG] Using scripts-root: C:\Users\charl\Documents\SuyuEclipse\externals\vcpkg\scripts
[DEBUG] Using builtin-ports: C:\Users\charl\Documents\SuyuEclipse\externals\vcpkg\ports
[DEBUG] Using installed-root: C:\Users\charl\Documents\SuyuEclipse\vcpkg_installed
[DEBUG] Using buildtrees-root: C:\Users\charl\Documents\SuyuEclipse\externals\vcpkg\buildtrees
[DEBUG] Using packages-root: C:\Users\charl\Documents\SuyuEclipse\externals\vcpkg\packages
[DEBUG] Using manifest-root: C:\Users\charl\Documents\SuyuEclipse
[DEBUG] Using vcpkg-root: C:\Users\charl\Documents\SuyuEclipse\externals\vcpkg
[DEBUG] Using builtin-registry: C:\Users\charl\Documents\SuyuEclipse\externals\vcpkg\versions
[DEBUG] Using downloads-root: C:\Users\charl\Documents\SuyuEclipse\externals\vcpkg\downloads
[DEBUG] Detecting host with IsWow64Process2
[DEBUG] Detecting host with IsWow64Process2
error: In manifest mode, `vcpkg install` does not support individual package arguments.
To install additional packages, edit vcpkg.json and then run `vcpkg install` without any package arguments.
See https://learn.microsoft.com/vcpkg/users/manifests?WT.mc_id=vcpkg_inproduct_cli for more information.
Using manifest file at C:\Users\charl\Documents\SuyuEclipse\vcpkg.json.
Synopsis: Installs a package
Examples:
  vcpkg install <port name> <port name>...
  vcpkg install zlib zlib:x64-windows curl boost
  vcpkg install --triplet x64-windows
See https://learn.microsoft.com/vcpkg/commands/install for more information.
Options:
  --allow-unsupported    Continues with a warning on unsupported ports, rather than failing
  --x-asset-sources=...  Asset caching sources. See 'vcpkg help assetcaching'
  --binarysource=...     Binary caching sources. See 'vcpkg help binarycaching'
  --x-buildtrees-root=...
                         Buildtrees directory (experimental)
  --classic              Force classic mode, even if a manifest could be found.
  --clean-after-build    Cleans buildtrees, packages and downloads after building each package
  --clean-buildtrees-after-build
                         Cleans buildtrees after building each package
  --clean-downloads-after-build
                         Cleans downloads after building each package
  --clean-packages-after-build
                         Cleans packages after building each package
  --downloads-root=...   Downloads directory (default: %VCPKG_DOWNLOADS%)
  --dry-run              Does not actually build or install
  --editable             Disables source re-extraction and binary caching for libraries on the
                         command line (classic mode)
  --enforce-port-checks  Fails install if a port has detected problems or attempts to use a
                         deprecated feature
  --x-feature=...        Additional features from the top-level manifest to install (manifest mode)
  --head                 Installs the libraries on the command line using the latest upstream
                         sources (classic mode)
  --host-triplet=...     Host triplet. See 'vcpkg help triplet' (default:
                         %VCPKG_DEFAULT_HOST_TRIPLET%)
  --x-install-root=...   Installed directory (experimental)
  --keep-going           Continues installing packages on failure
  --x-no-default-features
                         Does not install the default features from the top-level manifest (manifest
                         mode)
  --no-downloads         Does not download new sources
  --no-print-usage       Does not print CMake usage information after install
  --only-binarycaching   Fails if cached binaries are not available
  --only-downloads       Makes best-effort attempt to download sources without building
  --overlay-ports=...    Overlay-port directories, or directories containing overlay-port
                         directories (also: %VCPKG_OVERLAY_PORTS%)
  --overlay-triplets=... Directories of overlay triplets (also: %VCPKG_OVERLAY_TRIPLETS%)
  --x-packages-root=...  Packages directory (experimental)
  --recurse              Allows removal of packages as part of installation
  --triplet=...          Target triplet. See 'vcpkg help triplet' (default: %VCPKG_DEFAULT_TRIPLET%)
  --vcpkg-root=...       The vcpkg root directory (default: %VCPKG_ROOT%)
  --x-write-nuget-packages-config=...
                         Writes a NuGet packages.config-formatted file for use with external binary
                         caching. See `vcpkg help binarycaching` for more information

[DEBUG] D:\a\_work\1\s\src\vcpkg\commands.install.cpp(1181): 
[DEBUG] Time in subprocesses: 0us
[DEBUG] Time in parsing JSON: 74us
[DEBUG] Time in JSON reader: 73us
[DEBUG] Time in filesystem: 1291us
[DEBUG] Time in loading ports: 0us
[DEBUG] Exiting after 23.1 ms (6163us)
